---
source: tests/kind.rs
expression: grafs.dotgraph()
---
digraph {
    0 [ label = "crate a 0.1.0 (path+file:///home/jake/code/krates/tests/ws/a)" ]
    1 [ label = "crate b 0.1.0 (path+file:///home/jake/code/krates/tests/ws/b)" ]
    2 [ label = "crate bitflags 1.3.2 (registry+https://github.com/rust-lang/crates.io-index)" ]
    3 [ label = "crate bumpalo 3.11.0 (registry+https://github.com/rust-lang/crates.io-index)" ]
    4 [ label = "crate c 0.1.0 (path+file:///home/jake/code/krates/tests/ws/c)" ]
    5 [ label = "crate cc 1.0.73 (git+https://github.com/alexcrichton/cc-rs#53fb72c87e5769a299f1886ead831901b9c775d6)" ]
    6 [ label = "crate cfg-if 0.1.10 (registry+https://github.com/rust-lang/crates.io-index)" ]
    7 [ label = "crate cfg-if 1.0.0 (registry+https://github.com/rust-lang/crates.io-index)" ]
    8 [ label = "crate coreaudio-rs 0.9.1 (registry+https://github.com/rust-lang/crates.io-index)" ]
    9 [ label = "crate coreaudio-sys 0.2.10 (registry+https://github.com/rust-lang/crates.io-index)" ]
    10 [ label = "crate difference 2.0.0 (registry+https://github.com/rust-lang/crates.io-index)" ]
    11 [ label = "crate js-sys 0.3.60 (registry+https://github.com/rust-lang/crates.io-index)" ]
    12 [ label = "crate lazy_static 1.4.0 (registry+https://github.com/rust-lang/crates.io-index)" ]
    13 [ label = "crate leftpad 0.2.0 (registry+https://github.com/rust-lang/crates.io-index)" ]
    14 [ label = "crate libc 0.2.133 (registry+https://github.com/rust-lang/crates.io-index)" ]
    15 [ label = "crate log 0.4.17 (registry+https://github.com/rust-lang/crates.io-index)" ]
    16 [ label = "crate nix 0.16.1 (registry+https://github.com/rust-lang/crates.io-index)" ]
    17 [ label = "crate once_cell 1.15.0 (registry+https://github.com/rust-lang/crates.io-index)" ]
    18 [ label = "crate proc-macro2 1.0.44 (registry+https://github.com/rust-lang/crates.io-index)" ]
    19 [ label = "crate quote 1.0.21 (registry+https://github.com/rust-lang/crates.io-index)" ]
    20 [ label = "crate ring 0.16.20 (registry+https://github.com/rust-lang/crates.io-index)" ]
    21 [ label = "crate spin 0.5.2 (registry+https://github.com/rust-lang/crates.io-index)" ]
    22 [ label = "crate syn 1.0.101 (registry+https://github.com/rust-lang/crates.io-index)" ]
    23 [ label = "crate unicode-ident 1.0.4 (registry+https://github.com/rust-lang/crates.io-index)" ]
    24 [ label = "crate untrusted 0.7.1 (registry+https://github.com/rust-lang/crates.io-index)" ]
    25 [ label = "crate void 1.0.2 (registry+https://github.com/rust-lang/crates.io-index)" ]
    26 [ label = "crate wasm-bindgen 0.2.83 (registry+https://github.com/rust-lang/crates.io-index)" ]
    27 [ label = "crate wasm-bindgen-backend 0.2.83 (registry+https://github.com/rust-lang/crates.io-index)" ]
    28 [ label = "crate wasm-bindgen-futures 0.4.33 (registry+https://github.com/rust-lang/crates.io-index)" ]
    29 [ label = "crate wasm-bindgen-macro 0.2.83 (registry+https://github.com/rust-lang/crates.io-index)" ]
    30 [ label = "crate wasm-bindgen-macro-support 0.2.83 (registry+https://github.com/rust-lang/crates.io-index)" ]
    31 [ label = "crate wasm-bindgen-shared 0.2.83 (registry+https://github.com/rust-lang/crates.io-index)" ]
    32 [ label = "crate web-sys 0.3.60 (registry+https://github.com/rust-lang/crates.io-index)" ]
    33 [ label = "crate winapi 0.2.8 (registry+https://github.com/rust-lang/crates.io-index)" ]
    34 [ label = "crate winapi 0.3.9 (registry+https://github.com/rust-lang/crates.io-index)" ]
    35 [ label = "crate winapi-i686-pc-windows-gnu 0.4.0 (registry+https://github.com/rust-lang/crates.io-index)" ]
    36 [ label = "crate winapi-x86_64-pc-windows-gnu 0.4.0 (registry+https://github.com/rust-lang/crates.io-index)" ]
    37 [ label = "feature default" ]
    38 [ label = "feature default" ]
    39 [ label = "feature default" ]
    40 [ label = "feature default" ]
    41 [ label = "feature Crypto" ]
    42 [ label = "feature Window" ]
    43 [ label = "feature default" ]
    44 [ label = "feature audio_toolbox" ]
    45 [ label = "feature audio_unit" ]
    46 [ label = "feature core_audio" ]
    47 [ label = "feature core_midi" ]
    48 [ label = "feature open_al" ]
    49 [ label = "feature default" ]
    50 [ label = "feature extra_traits" ]
    51 [ label = "feature default" ]
    52 [ label = "feature default" ]
    53 [ label = "feature proc-macro" ]
    54 [ label = "feature std" ]
    55 [ label = "feature ntsecapi" ]
    56 [ label = "feature wtypesbase" ]
    57 [ label = "feature proc-macro" ]
    58 [ label = "feature spans" ]
    59 [ label = "feature default" ]
    60 [ label = "feature default" ]
    61 [ label = "feature default" ]
    62 [ label = "feature default" ]
    63 [ label = "feature full" ]
    64 [ label = "feature default" ]
    65 [ label = "feature MessageEvent" ]
    66 [ label = "feature Worker" ]
    67 [ label = "feature spans" ]
    68 [ label = "feature visit" ]
    69 [ label = "feature spans" ]
    70 [ label = "feature leftpad" ]
    71 [ label = "feature leftier-strings" ]
    72 [ label = "feature lazy_static" ]
    73 [ label = "feature open_al" ]
    74 [ label = "feature audio_toolbox" ]
    75 [ label = "feature audio_unit" ]
    76 [ label = "feature core_audio" ]
    77 [ label = "feature core_midi" ]
    78 [ label = "feature std" ]
    79 [ label = "feature alloc" ]
    80 [ label = "feature race" ]
    81 [ label = "feature once_cell" ]
    82 [ label = "feature dev_urandom_fallback" ]
    83 [ label = "feature alloc" ]
    84 [ label = "feature quote" ]
    85 [ label = "feature proc-macro" ]
    86 [ label = "feature printing" ]
    87 [ label = "feature parsing" ]
    88 [ label = "feature derive" ]
    89 [ label = "feature clone-impls" ]
    90 [ label = "feature std" ]
    91 [ label = "feature std" ]
    92 [ label = "feature spans" ]
    93 [ label = "feature EventTarget" ]
    94 [ label = "feature Event" ]
    0 -> 1 [ label = "" ]
    0 -> 37 [ label = "(dev)" ]
    0 -> 37 [ label = "(build) 'cfg(target_os = \"linux\")'" ]
    1 -> 37 [ label = "" ]
    1 -> 38 [ label = "(dev) 'cfg(target_arch = \"x86_64\")'" ]
    1 -> 28 [ label = " 'cfg(all(target_arch = \"wasm32\", target_feature = \"atomics\"))'" ]
    1 -> 28 [ label = " 'cfg(all(target_vendor = \"xboxone\"))'" ]
    4 -> 5 [ label = "(build)" ]
    4 -> 39 [ label = " 'x86_64-apple-darwin'" ]
    4 -> 40 [ label = "(dev)" ]
    4 -> 12 [ label = " 'cfg(any(target_os = \"android\", target_os = \"freebsd\", target_os = \"linux\", target_os = \"netbsd\", target_os = \"openbsd\", target_os = \"solaris\"))'" ]
    4 -> 13 [ label = "" ]
    4 -> 14 [ label = " 'cfg(any(target_os = \"android\", target_os = \"linux\"))'" ]
    4 -> 16 [ label = " 'x86_64-unknown-linux-gnu'" ]
    4 -> 21 [ label = " 'cfg(all(any(target_arch = \"aarch64\", target_arch = \"arm\", target_arch = \"x86\", target_arch = \"x86_64\"), not(target_os = \"ios\")))'" ]
    4 -> 41 [ label = " 'cfg(all(target_arch = \"wasm32\", target_vendor = \"unknown\", target_os = \"unknown\", target_env = \"\"))'" ]
    4 -> 42 [ label = " 'cfg(all(target_arch = \"wasm32\", target_vendor = \"unknown\", target_os = \"unknown\", target_env = \"\"))'" ]
    4 -> 33 [ label = " 'cfg(target_os = \"windows\")'" ]
    8 -> 43 [ label = "" ]
    8 -> 9 [ label = "" ]
    8 -> 44 [ label = "" ]
    8 -> 45 [ label = "" ]
    8 -> 46 [ label = "" ]
    8 -> 47 [ label = "" ]
    8 -> 48 [ label = "" ]
    11 -> 49 [ label = "" ]
    15 -> 7 [ label = "" ]
    16 -> 43 [ label = "" ]
    16 -> 6 [ label = "" ]
    16 -> 50 [ label = "" ]
    16 -> 51 [ label = "" ]
    16 -> 52 [ label = "" ]
    18 -> 23 [ label = "" ]
    19 -> 18 [ label = "" ]
    19 -> 53 [ label = "" ]
    20 -> 14 [ label = " 'cfg(any(target_os = \"android\", target_os = \"linux\"))'" ]
    20 -> 54 [ label = " 'cfg(any(target_os = \"android\", target_os = \"linux\"))'" ]
    20 -> 54 [ label = " 'cfg(any(target_os = \"dragonfly\", target_os = \"freebsd\", target_os = \"illumos\", target_os = \"netbsd\", target_os = \"openbsd\", target_os = \"solaris\"))'" ]
    20 -> 21 [ label = " 'cfg(any(target_arch = \"x86\", target_arch = \"x86_64\", all(any(target_arch = \"aarch64\", target_arch = \"arm\"), any(target_os = \"android\", target_os = \"fuchsia\", target_os = \"linux\"))))'" ]
    20 -> 24 [ label = "" ]
    20 -> 41 [ label = " 'cfg(all(target_arch = \"wasm32\", target_vendor = \"unknown\", target_os = \"unknown\", target_env = \"\"))'" ]
    20 -> 42 [ label = " 'cfg(all(target_arch = \"wasm32\", target_vendor = \"unknown\", target_os = \"unknown\", target_env = \"\"))'" ]
    20 -> 55 [ label = " 'cfg(target_os = \"windows\")'" ]
    20 -> 56 [ label = " 'cfg(target_os = \"windows\")'" ]
    22 -> 18 [ label = "" ]
    22 -> 53 [ label = "" ]
    22 -> 19 [ label = "" ]
    22 -> 57 [ label = "" ]
    22 -> 23 [ label = "" ]
    26 -> 7 [ label = "" ]
    26 -> 29 [ label = "" ]
    26 -> 58 [ label = "" ]
    27 -> 59 [ label = "" ]
    27 -> 15 [ label = "" ]
    27 -> 60 [ label = "" ]
    27 -> 61 [ label = "" ]
    27 -> 62 [ label = "" ]
    27 -> 63 [ label = "" ]
    27 -> 64 [ label = "" ]
    27 -> 31 [ label = "" ]
    28 -> 7 [ label = "" ]
    28 -> 11 [ label = "" ]
    28 -> 49 [ label = "" ]
    28 -> 65 [ label = " 'cfg(target_feature = \"atomics\")'" ]
    28 -> 66 [ label = " 'cfg(target_feature = \"atomics\")'" ]
    29 -> 62 [ label = "" ]
    29 -> 30 [ label = "" ]
    29 -> 67 [ label = "" ]
    30 -> 61 [ label = "" ]
    30 -> 62 [ label = "" ]
    30 -> 68 [ label = "" ]
    30 -> 63 [ label = "" ]
    30 -> 64 [ label = "" ]
    30 -> 27 [ label = "" ]
    30 -> 69 [ label = "" ]
    30 -> 31 [ label = "" ]
    32 -> 11 [ label = "" ]
    32 -> 49 [ label = "" ]
    34 -> 35 [ label = " 'i686-pc-windows-gnu'" ]
    34 -> 36 [ label = " 'x86_64-pc-windows-gnu'" ]
    43 -> 2 [ label = "" ]
    59 -> 3 [ label = "" ]
    70 -> 4 [ label = "" ]
    70 -> 13 [ label = "" ]
    71 -> 4 [ label = "" ]
    71 -> 70 [ label = "" ]
    72 -> 4 [ label = "" ]
    72 -> 12 [ label = "" ]
    37 -> 4 [ label = "" ]
    37 -> 70 [ label = "" ]
    73 -> 8 [ label = "" ]
    73 -> 48 [ label = "" ]
    39 -> 8 [ label = "" ]
    39 -> 74 [ label = "" ]
    39 -> 75 [ label = "" ]
    39 -> 76 [ label = "" ]
    39 -> 73 [ label = "" ]
    39 -> 77 [ label = "" ]
    77 -> 8 [ label = "" ]
    77 -> 47 [ label = "" ]
    76 -> 8 [ label = "" ]
    76 -> 46 [ label = "" ]
    75 -> 8 [ label = "" ]
    75 -> 45 [ label = "" ]
    74 -> 8 [ label = "" ]
    74 -> 44 [ label = "" ]
    48 -> 9 [ label = "" ]
    47 -> 9 [ label = "" ]
    46 -> 9 [ label = "" ]
    45 -> 9 [ label = "" ]
    44 -> 9 [ label = "" ]
    40 -> 10 [ label = "" ]
    78 -> 14 [ label = "" ]
    50 -> 14 [ label = "" ]
    51 -> 14 [ label = "" ]
    51 -> 78 [ label = "" ]
    54 -> 17 [ label = "" ]
    54 -> 79 [ label = "" ]
    80 -> 17 [ label = "" ]
    60 -> 17 [ label = "" ]
    60 -> 54 [ label = "" ]
    79 -> 17 [ label = "" ]
    79 -> 80 [ label = "" ]
    53 -> 18 [ label = "" ]
    61 -> 18 [ label = "" ]
    61 -> 53 [ label = "" ]
    57 -> 19 [ label = "" ]
    57 -> 53 [ label = "" ]
    62 -> 19 [ label = "" ]
    62 -> 57 [ label = "" ]
    81 -> 20 [ label = "" ]
    81 -> 17 [ label = "" ]
    82 -> 20 [ label = "" ]
    82 -> 81 [ label = "" ]
    38 -> 20 [ label = "" ]
    38 -> 83 [ label = "" ]
    38 -> 82 [ label = "" ]
    83 -> 20 [ label = "" ]
    68 -> 22 [ label = "" ]
    84 -> 22 [ label = "" ]
    84 -> 19 [ label = "" ]
    85 -> 22 [ label = "" ]
    85 -> 53 [ label = "" ]
    85 -> 57 [ label = "" ]
    86 -> 22 [ label = "" ]
    86 -> 84 [ label = "" ]
    87 -> 22 [ label = "" ]
    63 -> 22 [ label = "" ]
    88 -> 22 [ label = "" ]
    64 -> 22 [ label = "" ]
    64 -> 88 [ label = "" ]
    64 -> 87 [ label = "" ]
    64 -> 86 [ label = "" ]
    64 -> 89 [ label = "" ]
    64 -> 85 [ label = "" ]
    89 -> 22 [ label = "" ]
    90 -> 25 [ label = "" ]
    52 -> 25 [ label = "" ]
    52 -> 90 [ label = "" ]
    91 -> 26 [ label = "" ]
    92 -> 26 [ label = "" ]
    92 -> 58 [ label = "" ]
    49 -> 26 [ label = "" ]
    49 -> 92 [ label = "" ]
    49 -> 91 [ label = "" ]
    69 -> 27 [ label = "" ]
    58 -> 29 [ label = "" ]
    58 -> 67 [ label = "" ]
    67 -> 30 [ label = "" ]
    67 -> 69 [ label = "" ]
    66 -> 32 [ label = "" ]
    66 -> 93 [ label = "" ]
    42 -> 32 [ label = "" ]
    42 -> 93 [ label = "" ]
    65 -> 32 [ label = "" ]
    65 -> 94 [ label = "" ]
    93 -> 32 [ label = "" ]
    94 -> 32 [ label = "" ]
    41 -> 32 [ label = "" ]
    56 -> 34 [ label = "" ]
    55 -> 34 [ label = "" ]
}

