---
source: tests/kind.rs
expression: grafs.dotgraph()
---
digraph {
    0 [ label = "crate a 0.1.0 path+file:///krates/tests/ws/a" ]
    1 [ label = "crate b 0.1.0 path+file:///krates/tests/ws/b" ]
    2 [ label = "crate c 0.1.0 path+file:///krates/tests/ws/c" ]
    3 [ label = "crate cc 1.0.73 git+https://github.com/alexcrichton/cc-rs#53fb72c87e5769a299f1886ead831901b9c775d6" ]
    4 [ label = "crate cc 1.0.73" ]
    5 [ label = "crate difference 2.0.0" ]
    6 [ label = "crate ring 0.16.20" ]
    7 [ label = "feature default" ]
    8 [ label = "feature default" ]
    9 [ label = "feature default" ]
    10 [ label = "feature leftpad" ]
    11 [ label = "feature leftier-strings" ]
    12 [ label = "feature lazy_static" ]
    13 [ label = "feature once_cell" ]
    14 [ label = "feature dev_urandom_fallback" ]
    15 [ label = "feature alloc" ]
    0 -> 7 [ label = "(dev)" ]
    0 -> 7 [ label = "(build) 'cfg(target_os = \"linux\")'" ]
    1 -> 8 [ label = "(dev) 'cfg(target_arch = \"x86_64\")'" ]
    2 -> 3 [ label = "(build)" ]
    2 -> 9 [ label = "(dev)" ]
    6 -> 4 [ label = "(build)" ]
    10 -> 2 [ label = "" ]
    11 -> 2 [ label = "" ]
    11 -> 10 [ label = "" ]
    12 -> 2 [ label = "" ]
    7 -> 2 [ label = "" ]
    7 -> 10 [ label = "" ]
    9 -> 5 [ label = "" ]
    13 -> 6 [ label = "" ]
    14 -> 6 [ label = "" ]
    14 -> 13 [ label = "" ]
    8 -> 6 [ label = "" ]
    8 -> 15 [ label = "" ]
    8 -> 14 [ label = "" ]
    15 -> 6 [ label = "" ]
}

