---
source: tests/kind.rs
expression: grafs.dotgraph()
---
digraph {
    0 [ label = "crate b 0.1.0 (path+file:///home/jake/code/krates/tests/ws/b)" ]
    1 [ label = "crate bindgen 0.59.2 (registry+https://github.com/rust-lang/crates.io-index)" ]
    2 [ label = "crate bitflags 1.3.2 (registry+https://github.com/rust-lang/crates.io-index)" ]
    3 [ label = "crate bumpalo 3.11.0 (registry+https://github.com/rust-lang/crates.io-index)" ]
    4 [ label = "crate c 0.1.0 (path+file:///home/jake/code/krates/tests/ws/c)" ]
    5 [ label = "crate cc 1.0.73 (git+https://github.com/alexcrichton/cc-rs#53fb72c87e5769a299f1886ead831901b9c775d6)" ]
    6 [ label = "crate cc 1.0.73 (registry+https://github.com/rust-lang/crates.io-index)" ]
    7 [ label = "crate cexpr 0.6.0 (registry+https://github.com/rust-lang/crates.io-index)" ]
    8 [ label = "crate cfg-if 0.1.10 (registry+https://github.com/rust-lang/crates.io-index)" ]
    9 [ label = "crate cfg-if 1.0.0 (registry+https://github.com/rust-lang/crates.io-index)" ]
    10 [ label = "crate clang-sys 1.4.0 (registry+https://github.com/rust-lang/crates.io-index)" ]
    11 [ label = "crate coreaudio-rs 0.9.1 (registry+https://github.com/rust-lang/crates.io-index)" ]
    12 [ label = "crate coreaudio-sys 0.2.10 (registry+https://github.com/rust-lang/crates.io-index)" ]
    13 [ label = "crate difference 2.0.0 (registry+https://github.com/rust-lang/crates.io-index)" ]
    14 [ label = "crate glob 0.3.0 (registry+https://github.com/rust-lang/crates.io-index)" ]
    15 [ label = "crate js-sys 0.3.60 (registry+https://github.com/rust-lang/crates.io-index)" ]
    16 [ label = "crate lazy_static 1.4.0 (registry+https://github.com/rust-lang/crates.io-index)" ]
    17 [ label = "crate lazycell 1.3.0 (registry+https://github.com/rust-lang/crates.io-index)" ]
    18 [ label = "crate leftpad 0.2.0 (registry+https://github.com/rust-lang/crates.io-index)" ]
    19 [ label = "crate libc 0.2.133 (registry+https://github.com/rust-lang/crates.io-index)" ]
    20 [ label = "crate libloading 0.7.3 (registry+https://github.com/rust-lang/crates.io-index)" ]
    21 [ label = "crate log 0.4.17 (registry+https://github.com/rust-lang/crates.io-index)" ]
    22 [ label = "crate memchr 2.5.0 (registry+https://github.com/rust-lang/crates.io-index)" ]
    23 [ label = "crate minimal-lexical 0.2.1 (registry+https://github.com/rust-lang/crates.io-index)" ]
    24 [ label = "crate nix 0.16.1 (registry+https://github.com/rust-lang/crates.io-index)" ]
    25 [ label = "crate nom 7.1.1 (registry+https://github.com/rust-lang/crates.io-index)" ]
    26 [ label = "crate once_cell 1.15.0 (registry+https://github.com/rust-lang/crates.io-index)" ]
    27 [ label = "crate peeking_take_while 0.1.2 (registry+https://github.com/rust-lang/crates.io-index)" ]
    28 [ label = "crate proc-macro2 1.0.44 (registry+https://github.com/rust-lang/crates.io-index)" ]
    29 [ label = "crate quote 1.0.21 (registry+https://github.com/rust-lang/crates.io-index)" ]
    30 [ label = "crate regex 1.6.0 (registry+https://github.com/rust-lang/crates.io-index)" ]
    31 [ label = "crate regex-syntax 0.6.27 (registry+https://github.com/rust-lang/crates.io-index)" ]
    32 [ label = "crate ring 0.16.20 (registry+https://github.com/rust-lang/crates.io-index)" ]
    33 [ label = "crate rustc-hash 1.1.0 (registry+https://github.com/rust-lang/crates.io-index)" ]
    34 [ label = "crate shlex 1.1.0 (registry+https://github.com/rust-lang/crates.io-index)" ]
    35 [ label = "crate spin 0.5.2 (registry+https://github.com/rust-lang/crates.io-index)" ]
    36 [ label = "crate syn 1.0.101 (registry+https://github.com/rust-lang/crates.io-index)" ]
    37 [ label = "crate unicode-ident 1.0.4 (registry+https://github.com/rust-lang/crates.io-index)" ]
    38 [ label = "crate untrusted 0.7.1 (registry+https://github.com/rust-lang/crates.io-index)" ]
    39 [ label = "crate void 1.0.2 (registry+https://github.com/rust-lang/crates.io-index)" ]
    40 [ label = "crate wasm-bindgen 0.2.83 (registry+https://github.com/rust-lang/crates.io-index)" ]
    41 [ label = "crate wasm-bindgen-backend 0.2.83 (registry+https://github.com/rust-lang/crates.io-index)" ]
    42 [ label = "crate wasm-bindgen-futures 0.4.33 (registry+https://github.com/rust-lang/crates.io-index)" ]
    43 [ label = "crate wasm-bindgen-macro 0.2.83 (registry+https://github.com/rust-lang/crates.io-index)" ]
    44 [ label = "crate wasm-bindgen-macro-support 0.2.83 (registry+https://github.com/rust-lang/crates.io-index)" ]
    45 [ label = "crate wasm-bindgen-shared 0.2.83 (registry+https://github.com/rust-lang/crates.io-index)" ]
    46 [ label = "crate web-sys 0.3.60 (registry+https://github.com/rust-lang/crates.io-index)" ]
    47 [ label = "crate winapi 0.2.8 (registry+https://github.com/rust-lang/crates.io-index)" ]
    48 [ label = "crate winapi 0.3.9 (registry+https://github.com/rust-lang/crates.io-index)" ]
    49 [ label = "crate winapi-i686-pc-windows-gnu 0.4.0 (registry+https://github.com/rust-lang/crates.io-index)" ]
    50 [ label = "crate winapi-x86_64-pc-windows-gnu 0.4.0 (registry+https://github.com/rust-lang/crates.io-index)" ]
    51 [ label = "feature default" ]
    52 [ label = "feature default" ]
    53 [ label = "feature default" ]
    54 [ label = "feature clang_6_0" ]
    55 [ label = "feature runtime" ]
    56 [ label = "feature std" ]
    57 [ label = "feature unicode" ]
    58 [ label = "feature default" ]
    59 [ label = "feature default" ]
    60 [ label = "feature default" ]
    61 [ label = "feature default" ]
    62 [ label = "feature Crypto" ]
    63 [ label = "feature Window" ]
    64 [ label = "feature std" ]
    65 [ label = "feature audio_toolbox" ]
    66 [ label = "feature audio_unit" ]
    67 [ label = "feature core_audio" ]
    68 [ label = "feature core_midi" ]
    69 [ label = "feature open_al" ]
    70 [ label = "feature runtime" ]
    71 [ label = "feature default" ]
    72 [ label = "feature errhandlingapi" ]
    73 [ label = "feature libloaderapi" ]
    74 [ label = "feature default" ]
    75 [ label = "feature extra_traits" ]
    76 [ label = "feature default" ]
    77 [ label = "feature std" ]
    78 [ label = "feature std" ]
    79 [ label = "feature proc-macro" ]
    80 [ label = "feature unicode" ]
    81 [ label = "feature unicode-age" ]
    82 [ label = "feature unicode-bool" ]
    83 [ label = "feature unicode-case" ]
    84 [ label = "feature unicode-gencat" ]
    85 [ label = "feature unicode-perl" ]
    86 [ label = "feature unicode-script" ]
    87 [ label = "feature unicode-segment" ]
    88 [ label = "feature std" ]
    89 [ label = "feature ntsecapi" ]
    90 [ label = "feature wtypesbase" ]
    91 [ label = "feature proc-macro" ]
    92 [ label = "feature spans" ]
    93 [ label = "feature default" ]
    94 [ label = "feature default" ]
    95 [ label = "feature default" ]
    96 [ label = "feature default" ]
    97 [ label = "feature default" ]
    98 [ label = "feature full" ]
    99 [ label = "feature MessageEvent" ]
    100 [ label = "feature Worker" ]
    101 [ label = "feature spans" ]
    102 [ label = "feature visit" ]
    103 [ label = "feature spans" ]
    104 [ label = "feature leftpad" ]
    105 [ label = "feature libloading" ]
    106 [ label = "feature clang_5_0" ]
    107 [ label = "feature clang_4_0" ]
    108 [ label = "feature clang_3_9" ]
    109 [ label = "feature clang_3_8" ]
    110 [ label = "feature clang_3_7" ]
    111 [ label = "feature clang_3_6" ]
    112 [ label = "feature clang_3_5" ]
    113 [ label = "feature audio_toolbox" ]
    114 [ label = "feature audio_unit" ]
    115 [ label = "feature core_audio" ]
    116 [ label = "feature open_al" ]
    117 [ label = "feature core_midi" ]
    118 [ label = "feature std" ]
    119 [ label = "feature alloc" ]
    120 [ label = "feature alloc" ]
    121 [ label = "feature race" ]
    122 [ label = "feature unicode-age" ]
    123 [ label = "feature unicode-bool" ]
    124 [ label = "feature unicode-case" ]
    125 [ label = "feature unicode-gencat" ]
    126 [ label = "feature unicode-perl" ]
    127 [ label = "feature unicode-script" ]
    128 [ label = "feature unicode-segment" ]
    129 [ label = "feature alloc" ]
    130 [ label = "feature dev_urandom_fallback" ]
    131 [ label = "feature once_cell" ]
    132 [ label = "feature std" ]
    133 [ label = "feature std" ]
    134 [ label = "feature derive" ]
    135 [ label = "feature parsing" ]
    136 [ label = "feature printing" ]
    137 [ label = "feature clone-impls" ]
    138 [ label = "feature proc-macro" ]
    139 [ label = "feature quote" ]
    140 [ label = "feature std" ]
    141 [ label = "feature spans" ]
    142 [ label = "feature std" ]
    143 [ label = "feature EventTarget" ]
    144 [ label = "feature Event" ]
    0 -> 51 [ label = "" ]
    0 -> 52 [ label = "(dev) 'cfg(target_arch = \"x86_64\")'" ]
    0 -> 42 [ label = " 'cfg(all(target_arch = \"wasm32\", target_feature = \"atomics\"))'" ]
    0 -> 42 [ label = " 'cfg(all(target_vendor = \"xboxone\"))'" ]
    1 -> 53 [ label = "" ]
    1 -> 7 [ label = "" ]
    1 -> 54 [ label = "" ]
    1 -> 55 [ label = "" ]
    1 -> 16 [ label = "" ]
    1 -> 17 [ label = "" ]
    1 -> 27 [ label = "" ]
    1 -> 28 [ label = "" ]
    1 -> 29 [ label = "" ]
    1 -> 56 [ label = "" ]
    1 -> 57 [ label = "" ]
    1 -> 58 [ label = "" ]
    1 -> 59 [ label = "" ]
    4 -> 5 [ label = "(build)" ]
    4 -> 60 [ label = " 'x86_64-apple-darwin'" ]
    4 -> 61 [ label = "(dev)" ]
    4 -> 16 [ label = " 'cfg(any(target_os = \"android\", target_os = \"freebsd\", target_os = \"linux\", target_os = \"netbsd\", target_os = \"openbsd\", target_os = \"solaris\"))'" ]
    4 -> 18 [ label = "" ]
    4 -> 19 [ label = " 'cfg(any(target_os = \"android\", target_os = \"linux\"))'" ]
    4 -> 24 [ label = " 'x86_64-unknown-linux-gnu'" ]
    4 -> 35 [ label = " 'cfg(all(any(target_arch = \"aarch64\", target_arch = \"arm\", target_arch = \"x86\", target_arch = \"x86_64\"), not(target_os = \"ios\")))'" ]
    4 -> 62 [ label = " 'cfg(all(target_arch = \"wasm32\", target_vendor = \"unknown\", target_os = \"unknown\", target_env = \"\"))'" ]
    4 -> 63 [ label = " 'cfg(all(target_arch = \"wasm32\", target_vendor = \"unknown\", target_os = \"unknown\", target_env = \"\"))'" ]
    4 -> 47 [ label = " 'cfg(target_os = \"windows\")'" ]
    7 -> 64 [ label = "" ]
    10 -> 14 [ label = "" ]
    10 -> 14 [ label = "(build)" ]
    10 -> 19 [ label = "" ]
    10 -> 20 [ label = "" ]
    11 -> 53 [ label = "" ]
    11 -> 12 [ label = "" ]
    11 -> 65 [ label = "" ]
    11 -> 66 [ label = "" ]
    11 -> 67 [ label = "" ]
    11 -> 68 [ label = "" ]
    11 -> 69 [ label = "" ]
    12 -> 70 [ label = "(build)" ]
    15 -> 71 [ label = "" ]
    20 -> 9 [ label = " 'cfg(unix)'" ]
    20 -> 72 [ label = " 'cfg(windows)'" ]
    20 -> 73 [ label = " 'cfg(windows)'" ]
    21 -> 9 [ label = "" ]
    24 -> 53 [ label = "" ]
    24 -> 6 [ label = "(build) 'cfg(target_os = \"dragonfly\")'" ]
    24 -> 8 [ label = "" ]
    24 -> 74 [ label = "" ]
    24 -> 75 [ label = "" ]
    24 -> 76 [ label = "" ]
    25 -> 22 [ label = "" ]
    25 -> 77 [ label = "" ]
    25 -> 23 [ label = "" ]
    25 -> 78 [ label = "" ]
    28 -> 37 [ label = "" ]
    29 -> 28 [ label = "" ]
    29 -> 79 [ label = "" ]
    30 -> 31 [ label = "" ]
    30 -> 80 [ label = "" ]
    30 -> 81 [ label = "" ]
    30 -> 82 [ label = "" ]
    30 -> 83 [ label = "" ]
    30 -> 84 [ label = "" ]
    30 -> 85 [ label = "" ]
    30 -> 86 [ label = "" ]
    30 -> 87 [ label = "" ]
    32 -> 6 [ label = "(build)" ]
    32 -> 19 [ label = " 'cfg(any(target_os = \"android\", target_os = \"linux\"))'" ]
    32 -> 88 [ label = " 'cfg(any(target_os = \"android\", target_os = \"linux\"))'" ]
    32 -> 88 [ label = " 'cfg(any(target_os = \"dragonfly\", target_os = \"freebsd\", target_os = \"illumos\", target_os = \"netbsd\", target_os = \"openbsd\", target_os = \"solaris\"))'" ]
    32 -> 35 [ label = " 'cfg(any(target_arch = \"x86\", target_arch = \"x86_64\", all(any(target_arch = \"aarch64\", target_arch = \"arm\"), any(target_os = \"android\", target_os = \"fuchsia\", target_os = \"linux\"))))'" ]
    32 -> 38 [ label = "" ]
    32 -> 62 [ label = " 'cfg(all(target_arch = \"wasm32\", target_vendor = \"unknown\", target_os = \"unknown\", target_env = \"\"))'" ]
    32 -> 63 [ label = " 'cfg(all(target_arch = \"wasm32\", target_vendor = \"unknown\", target_os = \"unknown\", target_env = \"\"))'" ]
    32 -> 89 [ label = " 'cfg(target_os = \"windows\")'" ]
    32 -> 90 [ label = " 'cfg(target_os = \"windows\")'" ]
    36 -> 28 [ label = "" ]
    36 -> 79 [ label = "" ]
    36 -> 29 [ label = "" ]
    36 -> 91 [ label = "" ]
    36 -> 37 [ label = "" ]
    40 -> 9 [ label = "" ]
    40 -> 43 [ label = "" ]
    40 -> 92 [ label = "" ]
    41 -> 93 [ label = "" ]
    41 -> 21 [ label = "" ]
    41 -> 94 [ label = "" ]
    41 -> 95 [ label = "" ]
    41 -> 96 [ label = "" ]
    41 -> 97 [ label = "" ]
    41 -> 98 [ label = "" ]
    41 -> 45 [ label = "" ]
    42 -> 9 [ label = "" ]
    42 -> 15 [ label = "" ]
    42 -> 71 [ label = "" ]
    42 -> 99 [ label = " 'cfg(target_feature = \"atomics\")'" ]
    42 -> 100 [ label = " 'cfg(target_feature = \"atomics\")'" ]
    43 -> 96 [ label = "" ]
    43 -> 44 [ label = "" ]
    43 -> 101 [ label = "" ]
    44 -> 95 [ label = "" ]
    44 -> 96 [ label = "" ]
    44 -> 97 [ label = "" ]
    44 -> 102 [ label = "" ]
    44 -> 98 [ label = "" ]
    44 -> 41 [ label = "" ]
    44 -> 103 [ label = "" ]
    44 -> 45 [ label = "" ]
    46 -> 15 [ label = "" ]
    46 -> 71 [ label = "" ]
    48 -> 49 [ label = " 'i686-pc-windows-gnu'" ]
    48 -> 50 [ label = " 'x86_64-pc-windows-gnu'" ]
    70 -> 1 [ label = "" ]
    70 -> 55 [ label = "" ]
    53 -> 2 [ label = "" ]
    93 -> 3 [ label = "" ]
    51 -> 4 [ label = "" ]
    51 -> 104 [ label = "" ]
    104 -> 4 [ label = "" ]
    104 -> 18 [ label = "" ]
    55 -> 10 [ label = "" ]
    55 -> 105 [ label = "" ]
    105 -> 10 [ label = "" ]
    105 -> 20 [ label = "" ]
    54 -> 10 [ label = "" ]
    54 -> 106 [ label = "" ]
    106 -> 10 [ label = "" ]
    106 -> 107 [ label = "" ]
    107 -> 10 [ label = "" ]
    107 -> 108 [ label = "" ]
    108 -> 10 [ label = "" ]
    108 -> 109 [ label = "" ]
    109 -> 10 [ label = "" ]
    109 -> 110 [ label = "" ]
    110 -> 10 [ label = "" ]
    110 -> 111 [ label = "" ]
    111 -> 10 [ label = "" ]
    111 -> 112 [ label = "" ]
    112 -> 10 [ label = "" ]
    60 -> 11 [ label = "" ]
    60 -> 113 [ label = "" ]
    60 -> 114 [ label = "" ]
    60 -> 115 [ label = "" ]
    60 -> 116 [ label = "" ]
    60 -> 117 [ label = "" ]
    117 -> 11 [ label = "" ]
    117 -> 68 [ label = "" ]
    116 -> 11 [ label = "" ]
    116 -> 69 [ label = "" ]
    115 -> 11 [ label = "" ]
    115 -> 67 [ label = "" ]
    114 -> 11 [ label = "" ]
    114 -> 66 [ label = "" ]
    113 -> 11 [ label = "" ]
    113 -> 65 [ label = "" ]
    69 -> 12 [ label = "" ]
    68 -> 12 [ label = "" ]
    67 -> 12 [ label = "" ]
    66 -> 12 [ label = "" ]
    65 -> 12 [ label = "" ]
    61 -> 13 [ label = "" ]
    75 -> 19 [ label = "" ]
    74 -> 19 [ label = "" ]
    74 -> 118 [ label = "" ]
    118 -> 19 [ label = "" ]
    77 -> 22 [ label = "" ]
    78 -> 23 [ label = "" ]
    64 -> 25 [ label = "" ]
    64 -> 119 [ label = "" ]
    64 -> 77 [ label = "" ]
    64 -> 78 [ label = "" ]
    119 -> 25 [ label = "" ]
    88 -> 26 [ label = "" ]
    88 -> 120 [ label = "" ]
    120 -> 26 [ label = "" ]
    120 -> 121 [ label = "" ]
    121 -> 26 [ label = "" ]
    94 -> 26 [ label = "" ]
    94 -> 88 [ label = "" ]
    79 -> 28 [ label = "" ]
    95 -> 28 [ label = "" ]
    95 -> 79 [ label = "" ]
    91 -> 29 [ label = "" ]
    91 -> 79 [ label = "" ]
    96 -> 29 [ label = "" ]
    96 -> 91 [ label = "" ]
    57 -> 30 [ label = "" ]
    57 -> 122 [ label = "" ]
    57 -> 123 [ label = "" ]
    57 -> 124 [ label = "" ]
    57 -> 125 [ label = "" ]
    57 -> 126 [ label = "" ]
    57 -> 127 [ label = "" ]
    57 -> 128 [ label = "" ]
    57 -> 80 [ label = "" ]
    128 -> 30 [ label = "" ]
    128 -> 87 [ label = "" ]
    127 -> 30 [ label = "" ]
    127 -> 86 [ label = "" ]
    126 -> 30 [ label = "" ]
    126 -> 85 [ label = "" ]
    125 -> 30 [ label = "" ]
    125 -> 84 [ label = "" ]
    124 -> 30 [ label = "" ]
    124 -> 83 [ label = "" ]
    123 -> 30 [ label = "" ]
    123 -> 82 [ label = "" ]
    122 -> 30 [ label = "" ]
    122 -> 81 [ label = "" ]
    56 -> 30 [ label = "" ]
    87 -> 31 [ label = "" ]
    86 -> 31 [ label = "" ]
    85 -> 31 [ label = "" ]
    84 -> 31 [ label = "" ]
    83 -> 31 [ label = "" ]
    82 -> 31 [ label = "" ]
    81 -> 31 [ label = "" ]
    80 -> 31 [ label = "" ]
    80 -> 81 [ label = "" ]
    80 -> 82 [ label = "" ]
    80 -> 83 [ label = "" ]
    80 -> 84 [ label = "" ]
    80 -> 85 [ label = "" ]
    80 -> 86 [ label = "" ]
    80 -> 87 [ label = "" ]
    52 -> 32 [ label = "" ]
    52 -> 129 [ label = "" ]
    52 -> 130 [ label = "" ]
    130 -> 32 [ label = "" ]
    130 -> 131 [ label = "" ]
    131 -> 32 [ label = "" ]
    131 -> 26 [ label = "" ]
    129 -> 32 [ label = "" ]
    58 -> 33 [ label = "" ]
    58 -> 132 [ label = "" ]
    132 -> 33 [ label = "" ]
    59 -> 34 [ label = "" ]
    59 -> 133 [ label = "" ]
    133 -> 34 [ label = "" ]
    102 -> 36 [ label = "" ]
    98 -> 36 [ label = "" ]
    97 -> 36 [ label = "" ]
    97 -> 134 [ label = "" ]
    97 -> 135 [ label = "" ]
    97 -> 136 [ label = "" ]
    97 -> 137 [ label = "" ]
    97 -> 138 [ label = "" ]
    138 -> 36 [ label = "" ]
    138 -> 79 [ label = "" ]
    138 -> 91 [ label = "" ]
    137 -> 36 [ label = "" ]
    136 -> 36 [ label = "" ]
    136 -> 139 [ label = "" ]
    139 -> 36 [ label = "" ]
    139 -> 29 [ label = "" ]
    135 -> 36 [ label = "" ]
    134 -> 36 [ label = "" ]
    76 -> 39 [ label = "" ]
    76 -> 140 [ label = "" ]
    140 -> 39 [ label = "" ]
    71 -> 40 [ label = "" ]
    71 -> 141 [ label = "" ]
    71 -> 142 [ label = "" ]
    142 -> 40 [ label = "" ]
    141 -> 40 [ label = "" ]
    141 -> 92 [ label = "" ]
    103 -> 41 [ label = "" ]
    92 -> 43 [ label = "" ]
    92 -> 101 [ label = "" ]
    101 -> 44 [ label = "" ]
    101 -> 103 [ label = "" ]
    100 -> 46 [ label = "" ]
    100 -> 143 [ label = "" ]
    143 -> 46 [ label = "" ]
    63 -> 46 [ label = "" ]
    63 -> 143 [ label = "" ]
    99 -> 46 [ label = "" ]
    99 -> 144 [ label = "" ]
    144 -> 46 [ label = "" ]
    62 -> 46 [ label = "" ]
    90 -> 48 [ label = "" ]
    89 -> 48 [ label = "" ]
    73 -> 48 [ label = "" ]
    72 -> 48 [ label = "" ]
}

