---
source: tests/kind.rs
expression: grafs.dotgraph()
---
digraph {
    0 [ label = "crate a 0.1.0 path+file:///krates/tests/ws/a" ]
    1 [ label = "crate b 0.1.0 path+file:///krates/tests/ws/b" ]
    2 [ label = "crate bitflags 1.3.2" ]
    3 [ label = "crate bumpalo 3.11.0" ]
    4 [ label = "crate c 0.1.0 path+file:///krates/tests/ws/c" ]
    5 [ label = "crate cfg-if 0.1.10" ]
    6 [ label = "crate cfg-if 1.0.0" ]
    7 [ label = "crate coreaudio-rs 0.9.1" ]
    8 [ label = "crate coreaudio-sys 0.2.10" ]
    9 [ label = "crate difference 2.0.0" ]
    10 [ label = "crate js-sys 0.3.60" ]
    11 [ label = "crate lazy_static 1.4.0" ]
    12 [ label = "crate leftpad 0.2.0" ]
    13 [ label = "crate libc 0.2.133" ]
    14 [ label = "crate log 0.4.17" ]
    15 [ label = "crate nix 0.16.1" ]
    16 [ label = "crate once_cell 1.15.0" ]
    17 [ label = "crate proc-macro2 1.0.44" ]
    18 [ label = "crate quote 1.0.21" ]
    19 [ label = "crate ring 0.16.20" ]
    20 [ label = "crate spin 0.5.2" ]
    21 [ label = "crate syn 1.0.101" ]
    22 [ label = "crate unicode-ident 1.0.4" ]
    23 [ label = "crate untrusted 0.7.1" ]
    24 [ label = "crate void 1.0.2" ]
    25 [ label = "crate wasm-bindgen 0.2.83" ]
    26 [ label = "crate wasm-bindgen-backend 0.2.83" ]
    27 [ label = "crate wasm-bindgen-futures 0.4.33" ]
    28 [ label = "crate wasm-bindgen-macro 0.2.83" ]
    29 [ label = "crate wasm-bindgen-macro-support 0.2.83" ]
    30 [ label = "crate wasm-bindgen-shared 0.2.83" ]
    31 [ label = "crate web-sys 0.3.60" ]
    32 [ label = "crate winapi 0.2.8" ]
    33 [ label = "crate winapi 0.3.9" ]
    34 [ label = "crate winapi-i686-pc-windows-gnu 0.4.0" ]
    35 [ label = "crate winapi-x86_64-pc-windows-gnu 0.4.0" ]
    36 [ label = "feature default" ]
    37 [ label = "feature default" ]
    38 [ label = "feature default" ]
    39 [ label = "feature default" ]
    40 [ label = "feature Crypto" ]
    41 [ label = "feature Window" ]
    42 [ label = "feature default" ]
    43 [ label = "feature audio_toolbox" ]
    44 [ label = "feature audio_unit" ]
    45 [ label = "feature core_audio" ]
    46 [ label = "feature core_midi" ]
    47 [ label = "feature open_al" ]
    48 [ label = "feature default" ]
    49 [ label = "feature extra_traits" ]
    50 [ label = "feature default" ]
    51 [ label = "feature default" ]
    52 [ label = "feature proc-macro" ]
    53 [ label = "feature std" ]
    54 [ label = "feature ntsecapi" ]
    55 [ label = "feature wtypesbase" ]
    56 [ label = "feature proc-macro" ]
    57 [ label = "feature spans" ]
    58 [ label = "feature default" ]
    59 [ label = "feature default" ]
    60 [ label = "feature default" ]
    61 [ label = "feature default" ]
    62 [ label = "feature full" ]
    63 [ label = "feature default" ]
    64 [ label = "feature MessageEvent" ]
    65 [ label = "feature Worker" ]
    66 [ label = "feature spans" ]
    67 [ label = "feature visit" ]
    68 [ label = "feature spans" ]
    69 [ label = "feature leftpad" ]
    70 [ label = "feature leftier-strings" ]
    71 [ label = "feature lazy_static" ]
    72 [ label = "feature open_al" ]
    73 [ label = "feature audio_toolbox" ]
    74 [ label = "feature audio_unit" ]
    75 [ label = "feature core_audio" ]
    76 [ label = "feature core_midi" ]
    77 [ label = "feature std" ]
    78 [ label = "feature alloc" ]
    79 [ label = "feature race" ]
    80 [ label = "feature once_cell" ]
    81 [ label = "feature dev_urandom_fallback" ]
    82 [ label = "feature alloc" ]
    83 [ label = "feature quote" ]
    84 [ label = "feature proc-macro" ]
    85 [ label = "feature printing" ]
    86 [ label = "feature parsing" ]
    87 [ label = "feature derive" ]
    88 [ label = "feature clone-impls" ]
    89 [ label = "feature std" ]
    90 [ label = "feature std" ]
    91 [ label = "feature spans" ]
    92 [ label = "feature EventTarget" ]
    93 [ label = "feature Event" ]
    0 -> 1 [ label = "" ]
    0 -> 36 [ label = "(dev)" ]
    1 -> 36 [ label = "" ]
    1 -> 37 [ label = "(dev) 'cfg(target_arch = \"x86_64\")'" ]
    1 -> 27 [ label = " 'cfg(all(target_arch = \"wasm32\", target_feature = \"atomics\"))'" ]
    1 -> 27 [ label = " 'cfg(all(target_vendor = \"xboxone\"))'" ]
    4 -> 38 [ label = " 'x86_64-apple-darwin'" ]
    4 -> 39 [ label = "(dev)" ]
    4 -> 11 [ label = " 'cfg(any(target_os = \"android\", target_os = \"freebsd\", target_os = \"linux\", target_os = \"netbsd\", target_os = \"openbsd\", target_os = \"solaris\"))'" ]
    4 -> 12 [ label = "" ]
    4 -> 13 [ label = " 'cfg(any(target_os = \"android\", target_os = \"linux\"))'" ]
    4 -> 15 [ label = " 'x86_64-unknown-linux-gnu'" ]
    4 -> 20 [ label = " 'cfg(all(any(target_arch = \"aarch64\", target_arch = \"arm\", target_arch = \"x86\", target_arch = \"x86_64\"), not(target_os = \"ios\")))'" ]
    4 -> 40 [ label = " 'cfg(all(target_arch = \"wasm32\", target_vendor = \"unknown\", target_os = \"unknown\", target_env = \"\"))'" ]
    4 -> 41 [ label = " 'cfg(all(target_arch = \"wasm32\", target_vendor = \"unknown\", target_os = \"unknown\", target_env = \"\"))'" ]
    4 -> 32 [ label = " 'cfg(target_os = \"windows\")'" ]
    7 -> 42 [ label = "" ]
    7 -> 8 [ label = "" ]
    7 -> 43 [ label = "" ]
    7 -> 44 [ label = "" ]
    7 -> 45 [ label = "" ]
    7 -> 46 [ label = "" ]
    7 -> 47 [ label = "" ]
    10 -> 48 [ label = "" ]
    14 -> 6 [ label = "" ]
    15 -> 42 [ label = "" ]
    15 -> 5 [ label = "" ]
    15 -> 49 [ label = "" ]
    15 -> 50 [ label = "" ]
    15 -> 51 [ label = "" ]
    17 -> 22 [ label = "" ]
    18 -> 17 [ label = "" ]
    18 -> 52 [ label = "" ]
    19 -> 13 [ label = " 'cfg(any(target_os = \"android\", target_os = \"linux\"))'" ]
    19 -> 53 [ label = " 'cfg(any(target_os = \"android\", target_os = \"linux\"))'" ]
    19 -> 53 [ label = " 'cfg(any(target_os = \"dragonfly\", target_os = \"freebsd\", target_os = \"illumos\", target_os = \"netbsd\", target_os = \"openbsd\", target_os = \"solaris\"))'" ]
    19 -> 20 [ label = " 'cfg(any(target_arch = \"x86\", target_arch = \"x86_64\", all(any(target_arch = \"aarch64\", target_arch = \"arm\"), any(target_os = \"android\", target_os = \"fuchsia\", target_os = \"linux\"))))'" ]
    19 -> 23 [ label = "" ]
    19 -> 40 [ label = " 'cfg(all(target_arch = \"wasm32\", target_vendor = \"unknown\", target_os = \"unknown\", target_env = \"\"))'" ]
    19 -> 41 [ label = " 'cfg(all(target_arch = \"wasm32\", target_vendor = \"unknown\", target_os = \"unknown\", target_env = \"\"))'" ]
    19 -> 54 [ label = " 'cfg(target_os = \"windows\")'" ]
    19 -> 55 [ label = " 'cfg(target_os = \"windows\")'" ]
    21 -> 17 [ label = "" ]
    21 -> 52 [ label = "" ]
    21 -> 18 [ label = "" ]
    21 -> 56 [ label = "" ]
    21 -> 22 [ label = "" ]
    25 -> 6 [ label = "" ]
    25 -> 28 [ label = "" ]
    25 -> 57 [ label = "" ]
    26 -> 58 [ label = "" ]
    26 -> 14 [ label = "" ]
    26 -> 59 [ label = "" ]
    26 -> 60 [ label = "" ]
    26 -> 61 [ label = "" ]
    26 -> 62 [ label = "" ]
    26 -> 63 [ label = "" ]
    26 -> 30 [ label = "" ]
    27 -> 6 [ label = "" ]
    27 -> 10 [ label = "" ]
    27 -> 48 [ label = "" ]
    27 -> 64 [ label = " 'cfg(target_feature = \"atomics\")'" ]
    27 -> 65 [ label = " 'cfg(target_feature = \"atomics\")'" ]
    28 -> 61 [ label = "" ]
    28 -> 29 [ label = "" ]
    28 -> 66 [ label = "" ]
    29 -> 60 [ label = "" ]
    29 -> 61 [ label = "" ]
    29 -> 67 [ label = "" ]
    29 -> 62 [ label = "" ]
    29 -> 63 [ label = "" ]
    29 -> 26 [ label = "" ]
    29 -> 68 [ label = "" ]
    29 -> 30 [ label = "" ]
    31 -> 10 [ label = "" ]
    31 -> 48 [ label = "" ]
    33 -> 34 [ label = " 'i686-pc-windows-gnu'" ]
    33 -> 35 [ label = " 'x86_64-pc-windows-gnu'" ]
    42 -> 2 [ label = "" ]
    58 -> 3 [ label = "" ]
    69 -> 4 [ label = "" ]
    69 -> 12 [ label = "" ]
    70 -> 4 [ label = "" ]
    70 -> 69 [ label = "" ]
    71 -> 4 [ label = "" ]
    71 -> 11 [ label = "" ]
    36 -> 4 [ label = "" ]
    36 -> 69 [ label = "" ]
    72 -> 7 [ label = "" ]
    72 -> 47 [ label = "" ]
    38 -> 7 [ label = "" ]
    38 -> 73 [ label = "" ]
    38 -> 74 [ label = "" ]
    38 -> 75 [ label = "" ]
    38 -> 72 [ label = "" ]
    38 -> 76 [ label = "" ]
    76 -> 7 [ label = "" ]
    76 -> 46 [ label = "" ]
    75 -> 7 [ label = "" ]
    75 -> 45 [ label = "" ]
    74 -> 7 [ label = "" ]
    74 -> 44 [ label = "" ]
    73 -> 7 [ label = "" ]
    73 -> 43 [ label = "" ]
    47 -> 8 [ label = "" ]
    46 -> 8 [ label = "" ]
    45 -> 8 [ label = "" ]
    44 -> 8 [ label = "" ]
    43 -> 8 [ label = "" ]
    39 -> 9 [ label = "" ]
    77 -> 13 [ label = "" ]
    49 -> 13 [ label = "" ]
    50 -> 13 [ label = "" ]
    50 -> 77 [ label = "" ]
    53 -> 16 [ label = "" ]
    53 -> 78 [ label = "" ]
    79 -> 16 [ label = "" ]
    59 -> 16 [ label = "" ]
    59 -> 53 [ label = "" ]
    78 -> 16 [ label = "" ]
    78 -> 79 [ label = "" ]
    52 -> 17 [ label = "" ]
    60 -> 17 [ label = "" ]
    60 -> 52 [ label = "" ]
    56 -> 18 [ label = "" ]
    56 -> 52 [ label = "" ]
    61 -> 18 [ label = "" ]
    61 -> 56 [ label = "" ]
    80 -> 19 [ label = "" ]
    80 -> 16 [ label = "" ]
    81 -> 19 [ label = "" ]
    81 -> 80 [ label = "" ]
    37 -> 19 [ label = "" ]
    37 -> 82 [ label = "" ]
    37 -> 81 [ label = "" ]
    82 -> 19 [ label = "" ]
    67 -> 21 [ label = "" ]
    83 -> 21 [ label = "" ]
    83 -> 18 [ label = "" ]
    84 -> 21 [ label = "" ]
    84 -> 52 [ label = "" ]
    84 -> 56 [ label = "" ]
    85 -> 21 [ label = "" ]
    85 -> 83 [ label = "" ]
    86 -> 21 [ label = "" ]
    62 -> 21 [ label = "" ]
    87 -> 21 [ label = "" ]
    63 -> 21 [ label = "" ]
    63 -> 87 [ label = "" ]
    63 -> 86 [ label = "" ]
    63 -> 85 [ label = "" ]
    63 -> 88 [ label = "" ]
    63 -> 84 [ label = "" ]
    88 -> 21 [ label = "" ]
    89 -> 24 [ label = "" ]
    51 -> 24 [ label = "" ]
    51 -> 89 [ label = "" ]
    90 -> 25 [ label = "" ]
    91 -> 25 [ label = "" ]
    91 -> 57 [ label = "" ]
    48 -> 25 [ label = "" ]
    48 -> 91 [ label = "" ]
    48 -> 90 [ label = "" ]
    68 -> 26 [ label = "" ]
    57 -> 28 [ label = "" ]
    57 -> 66 [ label = "" ]
    66 -> 29 [ label = "" ]
    66 -> 68 [ label = "" ]
    65 -> 31 [ label = "" ]
    65 -> 92 [ label = "" ]
    41 -> 31 [ label = "" ]
    41 -> 92 [ label = "" ]
    64 -> 31 [ label = "" ]
    64 -> 93 [ label = "" ]
    92 -> 31 [ label = "" ]
    93 -> 31 [ label = "" ]
    40 -> 31 [ label = "" ]
    55 -> 33 [ label = "" ]
    54 -> 33 [ label = "" ]
}

