---
source: tests/misc.rs
expression: dd
---
google-cloud-auth 0.5.0 (registry+https://github.com/rust-lang/crates.io-index)
google-cloud-metadata 0.3.1 (registry+https://github.com/rust-lang/crates.io-index)
